aharonib Aharoni-Bold "T1Encoding ReEncodeFont" <culmus-he8.enc <Aharoni-Bold.pfa
raharonib Aharoni-Bold "T1Encoding ReEncodeFont" <culmus-he8.enc <Aharoni-Bold.pfa
aharonibi Aharoni-BoldOblique "T1Encoding ReEncodeFont" <culmus-he8.enc <Aharoni-BoldOblique.pfa
raharonibi Aharoni-BoldOblique "T1Encoding ReEncodeFont" <culmus-he8.enc <Aharoni-BoldOblique.pfa
aharoni Aharoni-Book "T1Encoding ReEncodeFont" <culmus-he8.enc <Aharoni-Book.pfa
raharoni Aharoni-Book "T1Encoding ReEncodeFont" <culmus-he8.enc <Aharoni-Book.pfa
aharonii Aharoni-BookOblique "T1Encoding ReEncodeFont" <culmus-he8.enc <Aharoni-BookOblique.pfa
raharonii Aharoni-BookOblique "T1Encoding ReEncodeFont" <culmus-he8.enc <Aharoni-BookOblique.pfa
caladings Caladings "T1Encoding ReEncodeFont" <culmus-he8.enc <Caladings.pfa
rcaladings Caladings "T1Encoding ReEncodeFont" <culmus-he8.enc <Caladings.pfa
davidb David-Bold "T1Encoding ReEncodeFont" <culmus-he8.enc <David-Bold.pfa
rdavidb David-Bold "T1Encoding ReEncodeFont" <culmus-he8.enc <David-Bold.pfa
david David-Medium "T1Encoding ReEncodeFont" <culmus-he8.enc <David-Medium.pfa
rdavid David-Medium "T1Encoding ReEncodeFont" <culmus-he8.enc <David-Medium.pfa
davidi David-MediumItalic "T1Encoding ReEncodeFont" <culmus-he8.enc <David-MediumItalic.pfa
rdavidi David-MediumItalic "T1Encoding ReEncodeFont" <culmus-he8.enc <David-MediumItalic.pfa
drugulinb Drugulin-Bold "T1Encoding ReEncodeFont" <culmus-he8.enc <Drugulin-Bold.pfa
rdrugulinb Drugulin-Bold "T1Encoding ReEncodeFont" <culmus-he8.enc <Drugulin-Bold.pfa
drugulinbi Drugulin-BoldItalic "T1Encoding ReEncodeFont" <culmus-he8.enc <Drugulin-BoldItalic.pfa
rdrugulinbi Drugulin-BoldItalic "T1Encoding ReEncodeFont" <culmus-he8.enc <Drugulin-BoldItalic.pfa
elliniab Ellinia-Bold "T1Encoding ReEncodeFont" <culmus-he8.enc <Ellinia-Bold.pfa
relliniab Ellinia-Bold "T1Encoding ReEncodeFont" <culmus-he8.enc <Ellinia-Bold.pfa
elliniabi Ellinia-BoldItalic "T1Encoding ReEncodeFont" <culmus-he8.enc <Ellinia-BoldItalic.pfa
relliniabi Ellinia-BoldItalic "T1Encoding ReEncodeFont" <culmus-he8.enc <Ellinia-BoldItalic.pfa
ellinia Ellinia-Light "T1Encoding ReEncodeFont" <culmus-he8.enc <Ellinia-Light.pfa
rellinia Ellinia-Light "T1Encoding ReEncodeFont" <culmus-he8.enc <Ellinia-Light.pfa
elliniai Ellinia-LightItalic "T1Encoding ReEncodeFont" <culmus-he8.enc <Ellinia-LightItalic.pfa
relliniai Ellinia-LightItalic "T1Encoding ReEncodeFont" <culmus-he8.enc <Ellinia-LightItalic.pfa
frankb FrankRuehl-Bold "T1Encoding ReEncodeFont" <culmus-he8.enc <FrankRuehl-Bold.pfa
rfrankb FrankRuehl-Bold "T1Encoding ReEncodeFont" <culmus-he8.enc <FrankRuehl-Bold.pfa
frankbi FrankRuehl-BoldOblique "T1Encoding ReEncodeFont" <culmus-he8.enc <FrankRuehl-BoldOblique.pfa
rfrankbi FrankRuehl-BoldOblique "T1Encoding ReEncodeFont" <culmus-he8.enc <FrankRuehl-BoldOblique.pfa
frank FrankRuehl-Medium "T1Encoding ReEncodeFont" <culmus-he8.enc <FrankRuehl-Medium.pfa
rfrank FrankRuehl-Medium "T1Encoding ReEncodeFont" <culmus-he8.enc <FrankRuehl-Medium.pfa
franki FrankRuehl-MediumOblique "T1Encoding ReEncodeFont" <culmus-he8.enc <FrankRuehl-MediumOblique.pfa
rfranki FrankRuehl-MediumOblique "T1Encoding ReEncodeFont" <culmus-he8.enc <FrankRuehl-MediumOblique.pfa
yadbi KtavYad-BoldItalic "T1Encoding ReEncodeFont" <culmus-he8.enc <KtavYad-BoldItalic.pfa
ryadbi KtavYad-BoldItalic "T1Encoding ReEncodeFont" <culmus-he8.enc <KtavYad-BoldItalic.pfa
yadi KtavYad-MediumItalic "T1Encoding ReEncodeFont" <culmus-he8.enc <KtavYad-MediumItalic.pfa
ryadi KtavYad-MediumItalic "T1Encoding ReEncodeFont" <culmus-he8.enc <KtavYad-MediumItalic.pfa
miriamb MiriamMono-Bold "T1Encoding ReEncodeFont" <culmus-he8.enc <MiriamMono-Bold.pfa
rmiriamb MiriamMono-Bold "T1Encoding ReEncodeFont" <culmus-he8.enc <MiriamMono-Bold.pfa
miriambi MiriamMono-BoldOblique "T1Encoding ReEncodeFont" <culmus-he8.enc <MiriamMono-BoldOblique.pfa
rmiriambi MiriamMono-BoldOblique "T1Encoding ReEncodeFont" <culmus-he8.enc <MiriamMono-BoldOblique.pfa
miriam MiriamMono-Book "T1Encoding ReEncodeFont" <culmus-he8.enc <MiriamMono-Book.pfa
rmiriam MiriamMono-Book "T1Encoding ReEncodeFont" <culmus-he8.enc <MiriamMono-Book.pfa
miriami MiriamMono-BookOblique "T1Encoding ReEncodeFont" <culmus-he8.enc <MiriamMono-BookOblique.pfa
rmiriami MiriamMono-BookOblique "T1Encoding ReEncodeFont" <culmus-he8.enc <MiriamMono-BookOblique.pfa
nachlielib Nachlieli-Bold "T1Encoding ReEncodeFont" <culmus-he8.enc <Nachlieli-Bold.pfa
rnachlielib Nachlieli-Bold "T1Encoding ReEncodeFont" <culmus-he8.enc <Nachlieli-Bold.pfa
nachlielibi Nachlieli-BoldOblique "T1Encoding ReEncodeFont" <culmus-he8.enc <Nachlieli-BoldOblique.pfa
rnachlielibi Nachlieli-BoldOblique "T1Encoding ReEncodeFont" <culmus-he8.enc <Nachlieli-BoldOblique.pfa
nachlieli Nachlieli-Light "T1Encoding ReEncodeFont" <culmus-he8.enc <Nachlieli-Light.pfa
rnachlieli Nachlieli-Light "T1Encoding ReEncodeFont" <culmus-he8.enc <Nachlieli-Light.pfa
nachlielii Nachlieli-LightOblique "T1Encoding ReEncodeFont" <culmus-he8.enc <Nachlieli-LightOblique.pfa
rnachlielii Nachlieli-LightOblique "T1Encoding ReEncodeFont" <culmus-he8.enc <Nachlieli-LightOblique.pfa
