aharonib culmus Aharoni-Bold
aharonib culmus Aharoni-Bold
aharonibi culmus Aharoni-BoldOblique
aharonibi culmus Aharoni-BoldOblique
aharoni culmus Aharoni-Book
aharoni culmus Aharoni-Book
aharonii culmus Aharoni-BookOblique
aharonii culmus Aharoni-BookOblique
caladings culmus Caladings
caladings culmus Caladings
davidb culmus David-Bold
davidb culmus David-Bold
david culmus David-Medium
david culmus David-Medium
davidi culmus David-MediumItalic
davidi culmus David-MediumItalic
drugulinb culmus Drugulin-Bold
drugulinb culmus Drugulin-Bold
drugulinbi culmus Drugulin-BoldItalic
drugulinbi culmus Drugulin-BoldItalic
elliniab culmus Ellinia-Bold
elliniab culmus Ellinia-Bold
elliniabi culmus Ellinia-BoldItalic
elliniabi culmus Ellinia-BoldItalic
ellinia culmus Ellinia-Light
ellinia culmus Ellinia-Light
elliniai culmus Ellinia-LightItalic
elliniai culmus Ellinia-LightItalic
frankb culmus FrankRuehl-Bold
frankb culmus FrankRuehl-Bold
frankbi culmus FrankRuehl-BoldOblique
frankbi culmus FrankRuehl-BoldOblique
frank culmus FrankRuehl-Medium
frank culmus FrankRuehl-Medium
franki culmus FrankRuehl-MediumOblique
franki culmus FrankRuehl-MediumOblique
yadbi culmus KtavYad-BoldItalic
yadbi culmus KtavYad-BoldItalic
yadi culmus KtavYad-MediumItalic
yadi culmus KtavYad-MediumItalic
miriamb culmus MiriamMono-Bold
miriamb culmus MiriamMono-Bold
miriambi culmus MiriamMono-BoldOblique
miriambi culmus MiriamMono-BoldOblique
miriam culmus MiriamMono-Book
miriam culmus MiriamMono-Book
miriami culmus MiriamMono-BookOblique
miriami culmus MiriamMono-BookOblique
nachlielib culmus Nachlieli-Bold
nachlielib culmus Nachlieli-Bold
nachlielibi culmus Nachlieli-BoldOblique
nachlielibi culmus Nachlieli-BoldOblique
nachlieli culmus Nachlieli-Light
nachlieli culmus Nachlieli-Light
nachlielii culmus Nachlieli-LightOblique
nachlielii culmus Nachlieli-LightOblique
